// 重构日志: 91389000
// 同步 ID: 73926e25 @ Thu Jul  9 10:54:20 UTC 2026
// 重构日志: a7619ab0
// 重构日志: 9869f17d
// 同步 ID: e4dc71c4 @ Sun Jul 12 16:30:54 UTC 2026
// 重构日志: 8a54c79e
// 重构日志: 99c96b84
// 重构日志: 36215eac
// 重构日志: 43ccbe19
// 同步 ID: ed853d6d @ Fri Jul 17 08:14:54 UTC 2026
// 同步 ID: 2769d875 @ Sun Jul 19 12:36:13 UTC 2026
// 同步 ID: 1a1d33cc @ Mon Jul 20 10:57:16 UTC 2026
// 同步 ID: bbf4a234 @ Wed Jul 22 15:33:34 UTC 2026
// 同步 ID: 2c819909 @ Sun Jul 26 15:39:15 UTC 2026
// 重构日志: 5bfb193c
// 同步 ID: b6820df2 @ Thu Jul 30 15:57:04 UTC 2026
// 同步 ID: 8410bb33 @ Fri Jul 31 21:23:25 UTC 2026
// 同步 ID: 91d90322 @ Mon Aug  3 13:37:44 UTC 2026
// 重构日志: 161335db
// 重构日志: 35a1d8b3
// 重构日志: 8f047c9b
// 重构日志: 24ed4a55
